node.exe : FAIL src/services/auth.service.spec.ts 
(14.757 s)
At line:1 char:1
+ & "C:\Program Files\nodejs/node.exe" 
"C:\Users\umut.demirci\AppData\R ...
+ ~~~~~~~~~~~~~~~~~~~~~~~~~~~~~~~~~~~~~~~~~~~~~~~~~~~~~~
~~~~~~~~~~~~~~~
    + CategoryInfo          : NotSpecified: (FAIL src/s 
   ervic...c.ts (14.757 s):String) [], RemoteException
    + FullyQualifiedErrorId : NativeCommandError
 
  AuthService
    register
      ├ù should successfully register a new user (2 ms)
      ├ù should throw error if user already exists
    login
      ├ù should successfully login existing user
      ├ù should throw error on invalid credentials
      ├ù should throw error if user not active (1 ms)

  ΓùÅ AuthService ΓÇ║ register ΓÇ║ should successfully 
register a new user

    TypeError: Cannot read properties of undefined 
(reading 'mockResolvedValueOnce')

    [0m [90m 45 |[39m         it([32m'should 
successfully register a new user'[39m[33m,[39m 
[36masync[39m () [33m=>[39m {
     [90m 46 |[39m             [90m// Mock user 
check - no existing user[39m
    [31m[1m>[22m[39m[90m 47 |[39m             
(pool[33m.[39mquery [36mas[39m jest[33m.[39m[33mM
ock[39m)[33m.[39mmockResolvedValueOnce({ 
rows[33m:[39m [] })[33m;[39m
     [90m    |[39m                                    
   [31m[1m^[22m[39m
     [90m 48 |[39m
     [90m 49 |[39m             [90m// Mock bcrypt 
hash[39m
     [90m 50 |[39m             (bcrypt[33m.[39mhash 
[36mas[39m jest[33m.[39m[33mMock[39m)[33m.[39mmo
ckResolvedValue([32m'hashed_password'[39m)[33m;[39m
[0m

      at Object.<anonymous> 
(src/services/auth.service.spec.ts:47:39)

  ΓùÅ AuthService ΓÇ║ register ΓÇ║ should throw error 
if user already exists

    TypeError: Cannot read properties of undefined 
(reading 'mockResolvedValueOnce')

    [0m [90m 81 |[39m
     [90m 82 |[39m         it([32m'should throw 
error if user already exists'[39m[33m,[39m 
[36masync[39m () [33m=>[39m {
    [31m[1m>[22m[39m[90m 83 |[39m             
(pool[33m.[39mquery [36mas[39m jest[33m.[39m[33mM
ock[39m)[33m.[39mmockResolvedValueOnce({ 
rows[33m:[39m [{ id[33m:[39m [32m'1'[39m }] 
})[33m;[39m
     [90m    |[39m                                    
   [31m[1m^[22m[39m
     [90m 84 |[39m
     [90m 85 |[39m             [36mawait[39m 
expect(authService[33m.[39mregister(mockUserDto))
     [90m 86 |[39m                 
[33m.[39mrejects[0m

      at Object.<anonymous> 
(src/services/auth.service.spec.ts:83:39)

  ΓùÅ AuthService ΓÇ║ login ΓÇ║ should successfully 
login existing user

    TypeError: Cannot read properties of undefined 
(reading 'mockResolvedValueOnce')

    [0m [90m 110 |[39m
     [90m 111 |[39m             [90m// Mock user 
fetch[39m
    [31m[1m>[22m[39m[90m 112 |[39m             
(pool[33m.[39mquery [36mas[39m jest[33m.[39m[33mM
ock[39m)[33m.[39mmockResolvedValueOnce({ 
rows[33m:[39m [mockDbUser] })[33m;[39m
     [90m     |[39m                                   
    [31m[1m^[22m[39m
     [90m 113 |[39m
     [90m 114 |[39m             [90m// Mock password 
check[39m
     [90m 115 |[39m             
(bcrypt[33m.[39mcompare [36mas[39m jest[33m.[39m[
33mMock[39m)[33m.[39mmockResolvedValue([36mtrue[39m
)[33m;[39m[0m

      at Object.<anonymous> 
(src/services/auth.service.spec.ts:112:39)

  ΓùÅ AuthService ΓÇ║ login ΓÇ║ should throw error on 
invalid credentials

    TypeError: Cannot read properties of undefined 
(reading 'mockResolvedValueOnce')

    [0m [90m 138 |[39m
     [90m 139 |[39m             [90m// Mock user 
fetch[39m
    [31m[1m>[22m[39m[90m 140 |[39m             
(pool[33m.[39mquery [36mas[39m jest[33m.[39m[33mM
ock[39m)[33m.[39mmockResolvedValueOnce({ 
rows[33m:[39m [mockDbUser] })[33m;[39m
     [90m     |[39m                                   
    [31m[1m^[22m[39m
     [90m 141 |[39m
     [90m 142 |[39m             [90m// Mock password 
check failure[39m
     [90m 143 |[39m             
(bcrypt[33m.[39mcompare [36mas[39m jest[33m.[39m[
33mMock[39m)[33m.[39mmockResolvedValue([36mfalse[39
m)[33m;[39m[0m

      at Object.<anonymous> 
(src/services/auth.service.spec.ts:140:39)

  ΓùÅ AuthService ΓÇ║ login ΓÇ║ should throw error if 
user not active

    TypeError: Cannot read properties of undefined 
(reading 'mockResolvedValueOnce')

    [0m [90m 157 |[39m
     [90m 158 |[39m             [90m// Mock user 
fetch[39m
    [31m[1m>[22m[39m[90m 159 |[39m             
(pool[33m.[39mquery [36mas[39m jest[33m.[39m[33mM
ock[39m)[33m.[39mmockResolvedValueOnce({ 
rows[33m:[39m [mockDbUser] })[33m;[39m
     [90m     |[39m                                   
    [31m[1m^[22m[39m
     [90m 160 |[39m
     [90m 161 |[39m             [36mawait[39m 
expect(authService[33m.[39mlogin(mockLoginDto))
     [90m 162 |[39m                 
[33m.[39mrejects[0m

      at Object.<anonymous> 
(src/services/auth.service.spec.ts:159:39)

Test Suites: 1 failed, 1 total
Tests:       5 failed, 5 total
Snapshots:   0 total
Time:        14.833 s, estimated 16 s
Ran all test suites matching 
/src\\services\\auth.service.spec.ts/i.
